Archive member included because of file (symbol)

/home/rata/Projects/tools/ARM Toolchain/gcc-arm-none-eabi-4_9-2015q1/bin/../lib/gcc/arm-none-eabi/4.9.3/../../../../arm-none-eabi/lib/armv7-m/libg_nano.a(lib_a-errno.o)
                              ./system/src/newlib/_sbrk.o (__errno)
/home/rata/Projects/tools/ARM Toolchain/gcc-arm-none-eabi-4_9-2015q1/bin/../lib/gcc/arm-none-eabi/4.9.3/../../../../arm-none-eabi/lib/armv7-m/libg_nano.a(lib_a-impure.o)
                              /home/rata/Projects/tools/ARM Toolchain/gcc-arm-none-eabi-4_9-2015q1/bin/../lib/gcc/arm-none-eabi/4.9.3/../../../../arm-none-eabi/lib/armv7-m/libg_nano.a(lib_a-errno.o) (_impure_ptr)
/home/rata/Projects/tools/ARM Toolchain/gcc-arm-none-eabi-4_9-2015q1/bin/../lib/gcc/arm-none-eabi/4.9.3/../../../../arm-none-eabi/lib/armv7-m/libg_nano.a(lib_a-strcmp.o)
                              ./system/src/cortexm/exception_handlers.o (strcmp)
/home/rata/Projects/tools/ARM Toolchain/gcc-arm-none-eabi-4_9-2015q1/bin/../lib/gcc/arm-none-eabi/4.9.3/../../../../arm-none-eabi/lib/armv7-m/libg_nano.a(lib_a-strlen.o)
                              ./system/src/diag/Trace.o (strlen)
/home/rata/Projects/tools/ARM Toolchain/gcc-arm-none-eabi-4_9-2015q1/bin/../lib/gcc/arm-none-eabi/4.9.3/../../../../arm-none-eabi/lib/armv7-m/libg_nano.a(lib_a-vsnprintf.o)
                              ./system/src/diag/Trace.o (vsnprintf)
/home/rata/Projects/tools/ARM Toolchain/gcc-arm-none-eabi-4_9-2015q1/bin/../lib/gcc/arm-none-eabi/4.9.3/../../../../arm-none-eabi/lib/armv7-m/libg_nano.a(lib_a-nano-svfprintf.o)
                              /home/rata/Projects/tools/ARM Toolchain/gcc-arm-none-eabi-4_9-2015q1/bin/../lib/gcc/arm-none-eabi/4.9.3/../../../../arm-none-eabi/lib/armv7-m/libg_nano.a(lib_a-vsnprintf.o) (_svfprintf_r)
/home/rata/Projects/tools/ARM Toolchain/gcc-arm-none-eabi-4_9-2015q1/bin/../lib/gcc/arm-none-eabi/4.9.3/../../../../arm-none-eabi/lib/armv7-m/libg_nano.a(lib_a-nano-vfprintf_i.o)
                              /home/rata/Projects/tools/ARM Toolchain/gcc-arm-none-eabi-4_9-2015q1/bin/../lib/gcc/arm-none-eabi/4.9.3/../../../../arm-none-eabi/lib/armv7-m/libg_nano.a(lib_a-nano-svfprintf.o) (_printf_i)
/home/rata/Projects/tools/ARM Toolchain/gcc-arm-none-eabi-4_9-2015q1/bin/../lib/gcc/arm-none-eabi/4.9.3/../../../../arm-none-eabi/lib/armv7-m/libg_nano.a(lib_a-memchr.o)
                              /home/rata/Projects/tools/ARM Toolchain/gcc-arm-none-eabi-4_9-2015q1/bin/../lib/gcc/arm-none-eabi/4.9.3/../../../../arm-none-eabi/lib/armv7-m/libg_nano.a(lib_a-nano-svfprintf.o) (memchr)
/home/rata/Projects/tools/ARM Toolchain/gcc-arm-none-eabi-4_9-2015q1/bin/../lib/gcc/arm-none-eabi/4.9.3/../../../../arm-none-eabi/lib/armv7-m/libg_nano.a(lib_a-memcpy.o)
                              /home/rata/Projects/tools/ARM Toolchain/gcc-arm-none-eabi-4_9-2015q1/bin/../lib/gcc/arm-none-eabi/4.9.3/../../../../arm-none-eabi/lib/armv7-m/libg_nano.a(lib_a-nano-svfprintf.o) (memcpy)
/home/rata/Projects/tools/ARM Toolchain/gcc-arm-none-eabi-4_9-2015q1/bin/../lib/gcc/arm-none-eabi/4.9.3/../../../../arm-none-eabi/lib/armv7-m/libg_nano.a(lib_a-memmove.o)
                              /home/rata/Projects/tools/ARM Toolchain/gcc-arm-none-eabi-4_9-2015q1/bin/../lib/gcc/arm-none-eabi/4.9.3/../../../../arm-none-eabi/lib/armv7-m/libg_nano.a(lib_a-nano-svfprintf.o) (memmove)
/home/rata/Projects/tools/ARM Toolchain/gcc-arm-none-eabi-4_9-2015q1/bin/../lib/gcc/arm-none-eabi/4.9.3/../../../../arm-none-eabi/lib/armv7-m/libg_nano.a(lib_a-nano-freer.o)
                              /home/rata/Projects/tools/ARM Toolchain/gcc-arm-none-eabi-4_9-2015q1/bin/../lib/gcc/arm-none-eabi/4.9.3/../../../../arm-none-eabi/lib/armv7-m/libg_nano.a(lib_a-nano-svfprintf.o) (_free_r)
/home/rata/Projects/tools/ARM Toolchain/gcc-arm-none-eabi-4_9-2015q1/bin/../lib/gcc/arm-none-eabi/4.9.3/../../../../arm-none-eabi/lib/armv7-m/libg_nano.a(lib_a-nano-mallocr.o)
                              /home/rata/Projects/tools/ARM Toolchain/gcc-arm-none-eabi-4_9-2015q1/bin/../lib/gcc/arm-none-eabi/4.9.3/../../../../arm-none-eabi/lib/armv7-m/libg_nano.a(lib_a-nano-svfprintf.o) (_malloc_r)
/home/rata/Projects/tools/ARM Toolchain/gcc-arm-none-eabi-4_9-2015q1/bin/../lib/gcc/arm-none-eabi/4.9.3/../../../../arm-none-eabi/lib/armv7-m/libg_nano.a(lib_a-nano-reallocr.o)
                              /home/rata/Projects/tools/ARM Toolchain/gcc-arm-none-eabi-4_9-2015q1/bin/../lib/gcc/arm-none-eabi/4.9.3/../../../../arm-none-eabi/lib/armv7-m/libg_nano.a(lib_a-nano-svfprintf.o) (_realloc_r)
/home/rata/Projects/tools/ARM Toolchain/gcc-arm-none-eabi-4_9-2015q1/bin/../lib/gcc/arm-none-eabi/4.9.3/../../../../arm-none-eabi/lib/armv7-m/libg_nano.a(lib_a-sbrkr.o)
                              /home/rata/Projects/tools/ARM Toolchain/gcc-arm-none-eabi-4_9-2015q1/bin/../lib/gcc/arm-none-eabi/4.9.3/../../../../arm-none-eabi/lib/armv7-m/libg_nano.a(lib_a-nano-mallocr.o) (_sbrk_r)
[...]
Memory Configuration

Name             Origin             Length             Attributes
RAM              0x20000000         0x00005000         xrw
CCMRAM           0x00000000         0x00000000         xrw
FLASH            0x08000000         0x00020000         xr
FLASHB1          0x00000000         0x00000000         xr
EXTMEMB0         0x00000000         0x00000000         xr
EXTMEMB1         0x00000000         0x00000000         xr
EXTMEMB2         0x00000000         0x00000000         xr
EXTMEMB3         0x00000000         0x00000000         xr
MEMORY_ARRAY     0x00000000         0x00000000         xrw
*default*        0x00000000         0xffffffff

Linker script and memory map

LOAD ./system/src/stm32f1-stdperiph/misc.o
LOAD ./system/src/stm32f1-stdperiph/stm32f10x_gpio.o
LOAD ./system/src/stm32f1-stdperiph/stm32f10x_rcc.o
LOAD ./system/src/newlib/_cxx.o
LOAD ./system/src/newlib/_exit.o
LOAD ./system/src/newlib/_sbrk.o
LOAD ./system/src/newlib/_startup.o
LOAD ./system/src/newlib/_syscalls.o
LOAD ./system/src/newlib/assert.o
LOAD ./system/src/diag/Trace.o
LOAD ./system/src/diag/trace_impl.o
LOAD ./system/src/cortexm/_initialize_hardware.o
LOAD ./system/src/cortexm/_reset_hardware.o
LOAD ./system/src/cortexm/exception_handlers.o
LOAD ./system/src/cmsis/system_stm32f10x.o
LOAD ./system/src/cmsis/vectors_stm32f10x.o
LOAD ./src/_write.o
LOAD ./src/ratatechSynth.o
LOAD /home/rata/Projects/tools/ARM Toolchain/gcc-arm-none-eabi-4_9-2015q1/bin/../lib/gcc/arm-none-eabi/4.9.3/../../../../arm-none-eabi/lib/armv7-m/libstdc++_nano.a
LOAD /home/rata/Projects/tools/ARM Toolchain/gcc-arm-none-eabi-4_9-2015q1/bin/../lib/gcc/arm-none-eabi/4.9.3/../../../../arm-none-eabi/lib/armv7-m/libm.a
START GROUP
LOAD /home/rata/Projects/tools/ARM Toolchain/gcc-arm-none-eabi-4_9-2015q1/bin/../lib/gcc/arm-none-eabi/4.9.3/armv7-m/libgcc.a
LOAD /home/rata/Projects/tools/ARM Toolchain/gcc-arm-none-eabi-4_9-2015q1/bin/../lib/gcc/arm-none-eabi/4.9.3/../../../../arm-none-eabi/lib/armv7-m/libg_nano.a
LOAD /home/rata/Projects/tools/ARM Toolchain/gcc-arm-none-eabi-4_9-2015q1/bin/../lib/gcc/arm-none-eabi/4.9.3/../../../../arm-none-eabi/lib/armv7-m/libc_nano.a
END GROUP
START GROUP
LOAD /home/rata/Projects/tools/ARM Toolchain/gcc-arm-none-eabi-4_9-2015q1/bin/../lib/gcc/arm-none-eabi/4.9.3/armv7-m/libgcc.a
LOAD /home/rata/Projects/tools/ARM Toolchain/gcc-arm-none-eabi-4_9-2015q1/bin/../lib/gcc/arm-none-eabi/4.9.3/../../../../arm-none-eabi/lib/armv7-m/libc_nano.a
END GROUP
                0x20005000                __stack = (ORIGIN (RAM) + 0x5000)
                0x20005000                _estack = __stack
                0x00000400                __Main_Stack_Size = 0x400
                0x00000400                PROVIDE (_Main_Stack_Size, __Main_Stack_Size)
                0x20004c00                __Main_Stack_Limit = (__stack - __Main_Stack_Size)
                0x20004c00                PROVIDE (_Main_Stack_Limit, __Main_Stack_Limit)
                0x00000100                _Minimum_Stack_Size = 0x100
                0x20000128                PROVIDE (_Heap_Begin, _end_noinit)
                0x20004c00                PROVIDE (_Heap_Limit, (__stack - __Main_Stack_Size))

.isr_vector     0x08000000      0x354
 FILL mask 0xff
                0x08000000                __vectors_start = ABSOLUTE (.)
                0x08000000                __vectors_start__ = ABSOLUTE (.)
 *(.isr_vector)
 .isr_vector    0x08000000      0x10c ./system/src/cmsis/vectors_stm32f10x.o
                0x08000000                __isr_vectors
 *(.cfmconfig)
 *(.after_vectors .after_vectors.*)
 .after_vectors
                0x0800010c      0x114 ./system/src/newlib/_startup.o
                0x0800010c                _start
 .after_vectors
                0x08000220      0x130 ./system/src/cortexm/exception_handlers.o
                0x08000220                Reset_Handler
                0x08000228                NMI_Handler
                0x0800022c                HardFault_Handler
                0x08000240                HardFault_Handler_C
                0x080002a0                MemManage_Handler
                0x080002a4                BusFault_Handler
                0x080002b8                BusFault_Handler_C
                0x080002ec                UsageFault_Handler
                0x08000300                UsageFault_Handler_C
                0x08000334                SVC_Handler
                0x08000338                DebugMon_Handler
                0x0800033c                PendSV_Handler
                0x08000340                SysTick_Handler
 .after_vectors
                0x08000350        0x4 ./system/src/cmsis/vectors_stm32f10x.o
                0x08000350                EXTI2_IRQHandler
                0x08000350                TIM8_TRG_COM_IRQHandler
                0x08000350                TIM8_CC_IRQHandler
                0x08000350                TIM1_CC_IRQHandler
                0x08000350                TIM6_IRQHandler
                0x08000350                PVD_IRQHandler
                0x08000350                SDIO_IRQHandler
                0x08000350                CAN2_RX1_IRQHandler
                0x08000350                EXTI3_IRQHandler
                0x08000350                TIM8_TRG_COM_TIM14_IRQHandler
                0x08000350                TIM1_UP_TIM10_IRQHandler
                0x08000350                TIM8_UP_TIM13_IRQHandler
                0x08000350                EXTI0_IRQHandler
                0x08000350                I2C2_EV_IRQHandler
                0x08000350                CAN1_RX0_IRQHandler
                0x08000350                TIM1_UP_TIM16_IRQHandler
                0x08000350                CAN2_SCE_IRQHandler
                0x08000350                ADC1_2_IRQHandler
                0x08000350                SPI1_IRQHandler
                0x08000350                TAMPER_IRQHandler
                0x08000350                TIM6_DAC_IRQHandler
                0x08000350                TIM1_BRK_TIM9_IRQHandler
                0x08000350                CAN2_RX0_IRQHandler
                0x08000350                TIM8_UP_IRQHandler
                0x08000350                DMA2_Channel2_IRQHandler
                0x08000350                DMA1_Channel4_IRQHandler
                0x08000350                USART3_IRQHandler
                0x08000350                RTC_IRQHandler
                0x08000350                DMA1_Channel7_IRQHandler
                0x08000350                CAN1_RX1_IRQHandler
                0x08000350                UART5_IRQHandler
                0x08000350                ADC3_IRQHandler
                0x08000350                TIM4_IRQHandler
                0x08000350                DMA2_Channel1_IRQHandler
                0x08000350                I2C1_EV_IRQHandler
                0x08000350                DMA1_Channel6_IRQHandler
                0x08000350                UART4_IRQHandler
                0x08000350                DMA2_Channel4_IRQHandler
                0x08000350                TIM3_IRQHandler
                0x08000350                RCC_IRQHandler
                0x08000350                TIM8_BRK_TIM12_IRQHandler
                0x08000350                TIM1_TRG_COM_IRQHandler
                0x08000350                DMA1_Channel1_IRQHandler
                0x08000350                Default_Handler
                0x08000350                CEC_IRQHandler
                0x08000350                EXTI15_10_IRQHandler
                0x08000350                TIM14_IRQHandler
                0x08000350                TIM13_IRQHandler
                0x08000350                TIM12_IRQHandler
                0x08000350                TIM7_IRQHandler
                0x08000350                CAN2_TX_IRQHandler
                0x08000350                TIM5_IRQHandler
                0x08000350                EXTI9_5_IRQHandler
                0x08000350                ETH_WKUP_IRQHandler
                0x08000350                SPI2_IRQHandler
                0x08000350                CAN1_TX_IRQHandler
                0x08000350                DMA2_Channel5_IRQHandler
                0x08000350                DMA1_Channel5_IRQHandler
                0x08000350                EXTI4_IRQHandler
                0x08000350                USB_LP_CAN1_RX0_IRQHandler
                0x08000350                TIM1_TRG_COM_TIM17_IRQHandler
                0x08000350                USB_HP_CAN1_TX_IRQHandler
                0x08000350                DMA1_Channel3_IRQHandler
                0x08000350                FSMC_IRQHandler
                0x08000350                ETH_IRQHandler
                0x08000350                TIM1_UP_IRQHandler
                0x08000350                WWDG_IRQHandler
                0x08000350                TIM2_IRQHandler
                0x08000350                OTG_FS_WKUP_IRQHandler
                0x08000350                TIM1_TRG_COM_TIM11_IRQHandler
                0x08000350                TIM1_BRK_IRQHandler
                0x08000350                EXTI1_IRQHandler
                0x08000350                RTCAlarm_IRQHandler
                0x08000350                DMA2_Channel4_5_IRQHandler
                0x08000350                USART2_IRQHandler
                0x08000350                I2C2_ER_IRQHandler
                0x08000350                DMA1_Channel2_IRQHandler
                0x08000350                TIM8_BRK_IRQHandler
                0x08000350                CAN1_SCE_IRQHandler
                0x08000350                FLASH_IRQHandler
                0x08000350                USART1_IRQHandler
                0x08000350                OTG_FS_IRQHandler
                0x08000350                SPI3_IRQHandler
                0x08000350                I2C1_ER_IRQHandler
                0x08000350                USBWakeUp_IRQHandler
                0x08000350                DMA2_Channel3_IRQHandler
                0x08000350                TIM1_BRK_TIM15_IRQHandler

.inits          0x08000354       0x28
                0x08000354                __data_regions_array_start = .
                0x08000354        0x4 LONG 0x80011dc LOADADDR (.data)
                0x08000358        0x4 LONG 0x20000000 ADDR (.data)
                0x0800035c        0x4 LONG 0x20000088 (ADDR (.data) + SIZEOF (.data))
                0x08000360        0x4 LONG 0x80011dc LOADADDR (.data_CCMRAM)
                0x08000364        0x4 LONG 0x0 ADDR (.data_CCMRAM)
                0x08000368        0x4 LONG 0x0 (ADDR (.data_CCMRAM) + SIZEOF (.data_CCMRAM))
                0x0800036c                __data_regions_array_end = .
                0x0800036c                __bss_regions_array_start = .
                0x0800036c        0x4 LONG 0x20000088 ADDR (.bss)
                0x08000370        0x4 LONG 0x20000128 (ADDR (.bss) + SIZEOF (.bss))
                0x08000374        0x4 LONG 0x0 ADDR (.bss_CCMRAM)
                0x08000378        0x4 LONG 0x0 (ADDR (.bss_CCMRAM) + SIZEOF (.bss_CCMRAM))
                0x0800037c                __bss_regions_array_end = .
 *(.init)
 *(.fini)
                0x0800037c                . = ALIGN (0x4)
                0x0800037c                PROVIDE (__preinit_array_start, .)
 *(.preinit_array_sysinit .preinit_array_sysinit.*)
 *(.preinit_array_platform .preinit_array_platform.*)
 *(.preinit_array .preinit_array.*)
                0x0800037c                PROVIDE (__preinit_array_end, .)
                0x0800037c                . = ALIGN (0x4)
                0x0800037c                PROVIDE (__init_array_start, .)
 *(SORT(.init_array.*))
 *(.init_array)
                0x0800037c                PROVIDE (__init_array_end, .)
                0x0800037c                . = ALIGN (0x4)
                0x0800037c                PROVIDE (__fini_array_start, .)
 *(SORT(.fini_array.*))
 *(.fini_array)
                0x0800037c                PROVIDE (__fini_array_end, .)

.flashtext
 *(.flashtext .flashtext.*)

.text           0x0800037c      0xe60
 *(.text .text.*)
 .text._exit    0x0800037c        0x4 ./system/src/newlib/_exit.o
                0x0800037c                _exit
 .text._sbrk    0x08000380       0x44 ./system/src/newlib/_sbrk.o
                0x08000380                _sbrk
 .text.__initialize_args
                0x080003c4       0x10 ./system/src/newlib/_syscalls.o
                0x080003c4                __initialize_args
 .text.trace_printf
                0x080003d4       0x34 ./system/src/diag/Trace.o
                0x080003d4                trace_printf
 .text._trace_write_semihosting_stdout
                0x08000408       0x70 ./system/src/diag/trace_impl.o
 .text.trace_write
                0x08000478        0x8 ./system/src/diag/trace_impl.o
                0x08000478                trace_write
 .text.__initialize_hardware_early
                0x08000480       0x18 ./system/src/cortexm/_initialize_hardware.o
                0x08000480                __initialize_hardware_early
 .text.__initialize_hardware
                0x08000498        0x8 ./system/src/cortexm/_initialize_hardware.o
                0x08000498                __initialize_hardware
 .text.dumpExceptionStack
                0x080004a0       0xf0 ./system/src/cortexm/exception_handlers.o
                0x080004a0                dumpExceptionStack
 .text.isSemihosting
                0x08000590       0x78 ./system/src/cortexm/exception_handlers.o
                0x08000590                isSemihosting
 .text.SetSysClockTo72
                0x08000608       0xc4 ./system/src/cmsis/system_stm32f10x.o
 .text.SetSysClock
                0x080006cc        0x8 ./system/src/cmsis/system_stm32f10x.o
 .text.SystemInit
                0x080006d4       0x50 ./system/src/cmsis/system_stm32f10x.o
                0x080006d4                SystemInit
 .text.SystemCoreClockUpdate
                0x08000724       0x94 ./system/src/cmsis/system_stm32f10x.o
                0x08000724                SystemCoreClockUpdate
 .text.main     0x080007b8        0x4 ./src/ratatechSynth.o
                0x080007b8                main
 .text.__errno  0x080007bc        0xc /home/rata/Projects/tools/ARM Toolchain/gcc-arm-none-eabi-4_9-2015q1/bin/../lib/gcc/arm-none-eabi/4.9.3/../../../../arm-none-eabi/lib/armv7-m/libg_nano.a(lib_a-errno.o)
                0x080007bc                __errno
 .text          0x080007c8       0x14 /home/rata/Projects/tools/ARM Toolchain/gcc-arm-none-eabi-4_9-2015q1/bin/../lib/gcc/arm-none-eabi/4.9.3/../../../../arm-none-eabi/lib/armv7-m/libg_nano.a(lib_a-strcmp.o)
                0x080007c8                strcmp
 .text._vsnprintf_r
                0x080007dc       0x52 /home/rata/Projects/tools/ARM Toolchain/gcc-arm-none-eabi-4_9-2015q1/bin/../lib/gcc/arm-none-eabi/4.9.3/../../../../arm-none-eabi/lib/armv7-m/libg_nano.a(lib_a-vsnprintf.o)
                0x080007dc                _vsnprintf_r
                0x080007dc                _vsniprintf_r
 *fill*         0x0800082e        0x2 
 .text.vsnprintf
                0x08000830       0x20 /home/rata/Projects/tools/ARM Toolchain/gcc-arm-none-eabi-4_9-2015q1/bin/../lib/gcc/arm-none-eabi/4.9.3/../../../../arm-none-eabi/lib/armv7-m/libg_nano.a(lib_a-vsnprintf.o)
                0x08000830                vsnprintf
                0x08000830                vsniprintf
 .text.__ssputs_r
                0x08000850       0xb2 /home/rata/Projects/tools/ARM Toolchain/gcc-arm-none-eabi-4_9-2015q1/bin/../lib/gcc/arm-none-eabi/4.9.3/../../../../arm-none-eabi/lib/armv7-m/libg_nano.a(lib_a-nano-svfprintf.o)
                0x08000850                __ssputs_r
 *fill*         0x08000902        0x2 
 .text._svfprintf_r
                0x08000904      0x1e4 /home/rata/Projects/tools/ARM Toolchain/gcc-arm-none-eabi-4_9-2015q1/bin/../lib/gcc/arm-none-eabi/4.9.3/../../../../arm-none-eabi/lib/armv7-m/libg_nano.a(lib_a-nano-svfprintf.o)
                0x08000904                _svfprintf_r
                0x08000904                _svfiprintf_r
 .text._printf_common
                0x08000ae8       0xea /home/rata/Projects/tools/ARM Toolchain/gcc-arm-none-eabi-4_9-2015q1/bin/../lib/gcc/arm-none-eabi/4.9.3/../../../../arm-none-eabi/lib/armv7-m/libg_nano.a(lib_a-nano-vfprintf_i.o)
                0x08000ae8                _printf_common
 *fill*         0x08000bd2        0x2 
 .text._printf_i
                0x08000bd4      0x240 /home/rata/Projects/tools/ARM Toolchain/gcc-arm-none-eabi-4_9-2015q1/bin/../lib/gcc/arm-none-eabi/4.9.3/../../../../arm-none-eabi/lib/armv7-m/libg_nano.a(lib_a-nano-vfprintf_i.o)
                0x08000bd4                _printf_i
 .text.memchr   0x08000e14       0x1c /home/rata/Projects/tools/ARM Toolchain/gcc-arm-none-eabi-4_9-2015q1/bin/../lib/gcc/arm-none-eabi/4.9.3/../../../../arm-none-eabi/lib/armv7-m/libg_nano.a(lib_a-memchr.o)
                0x08000e14                memchr
 .text.memcpy   0x08000e30       0x16 /home/rata/Projects/tools/ARM Toolchain/gcc-arm-none-eabi-4_9-2015q1/bin/../lib/gcc/arm-none-eabi/4.9.3/../../../../arm-none-eabi/lib/armv7-m/libg_nano.a(lib_a-memcpy.o)
                0x08000e30                memcpy
 .text.memmove  0x08000e46       0x36 /home/rata/Projects/tools/ARM Toolchain/gcc-arm-none-eabi-4_9-2015q1/bin/../lib/gcc/arm-none-eabi/4.9.3/../../../../arm-none-eabi/lib/armv7-m/libg_nano.a(lib_a-memmove.o)
                0x08000e46                memmove
 .text._free_r  0x08000e7c       0x88 /home/rata/Projects/tools/ARM Toolchain/gcc-arm-none-eabi-4_9-2015q1/bin/../lib/gcc/arm-none-eabi/4.9.3/../../../../arm-none-eabi/lib/armv7-m/libg_nano.a(lib_a-nano-freer.o)
                0x08000e7c                _free_r
 .text._malloc_r
                0x08000f04       0xac /home/rata/Projects/tools/ARM Toolchain/gcc-arm-none-eabi-4_9-2015q1/bin/../lib/gcc/arm-none-eabi/4.9.3/../../../../arm-none-eabi/lib/armv7-m/libg_nano.a(lib_a-nano-mallocr.o)
                0x08000f04                _malloc_r
 .text._realloc_r
                0x08000fb0       0x4c /home/rata/Projects/tools/ARM Toolchain/gcc-arm-none-eabi-4_9-2015q1/bin/../lib/gcc/arm-none-eabi/4.9.3/../../../../arm-none-eabi/lib/armv7-m/libg_nano.a(lib_a-nano-reallocr.o)
                0x08000fb0                _realloc_r
 .text._sbrk_r  0x08000ffc       0x20 /home/rata/Projects/tools/ARM Toolchain/gcc-arm-none-eabi-4_9-2015q1/bin/../lib/gcc/arm-none-eabi/4.9.3/../../../../arm-none-eabi/lib/armv7-m/libg_nano.a(lib_a-sbrkr.o)
                0x08000ffc                _sbrk_r
 .text._malloc_usable_size_r
                0x0800101c       0x14 /home/rata/Projects/tools/ARM Toolchain/gcc-arm-none-eabi-4_9-2015q1/bin/../lib/gcc/arm-none-eabi/4.9.3/../../../../arm-none-eabi/lib/armv7-m/libg_nano.a(lib_a-nano-msizer.o)
                0x0800101c                _malloc_usable_size_r
 *(.rodata .rodata.* .constdata .constdata.*)
 .rodata.str1.4
                0x08001030        0x4 ./system/src/diag/trace_impl.o
 .rodata.str1.4
                0x08001034      0x148 ./system/src/cortexm/exception_handlers.o
                                0x14c (size before relaxing)
 .rodata.str1.1
                0x0800117c        0x2 /home/rata/Projects/tools/ARM Toolchain/gcc-arm-none-eabi-4_9-2015q1/bin/../lib/gcc/arm-none-eabi/4.9.3/../../../../arm-none-eabi/lib/armv7-m/libg_nano.a(lib_a-impure.o)
 .rodata.str1.1
                0x0800117e       0x11 /home/rata/Projects/tools/ARM Toolchain/gcc-arm-none-eabi-4_9-2015q1/bin/../lib/gcc/arm-none-eabi/4.9.3/../../../../arm-none-eabi/lib/armv7-m/libg_nano.a(lib_a-nano-svfprintf.o)
 .rodata.str1.1
                0x0800118f       0x22 /home/rata/Projects/tools/ARM Toolchain/gcc-arm-none-eabi-4_9-2015q1/bin/../lib/gcc/arm-none-eabi/4.9.3/../../../../arm-none-eabi/lib/armv7-m/libg_nano.a(lib_a-nano-vfprintf_i.o)
 *(vtable)
 *(.eh_frame*)
 *fill*         0x080011b1        0x3 
 .eh_frame      0x080011b4       0x28 /home/rata/Projects/tools/ARM Toolchain/gcc-arm-none-eabi-4_9-2015q1/bin/../lib/gcc/arm-none-eabi/4.9.3/../../../../arm-none-eabi/lib/armv7-m/libg_nano.a(lib_a-strcmp.o)
 *(.glue_7)
 .glue_7        0x00000000        0x0 linker stubs
 *(.glue_7t)
 .glue_7t       0x00000000        0x0 linker stubs

.vfp11_veneer   0x080011dc        0x0
 .vfp11_veneer  0x00000000        0x0 linker stubs

.v4_bx          0x080011dc        0x0
 .v4_bx         0x00000000        0x0 linker stubs

.iplt           0x080011dc        0x0
 .iplt          0x00000000        0x0 ./system/src/stm32f1-stdperiph/misc.o

.rel.dyn        0x080011dc        0x0
 .rel.iplt      0x00000000        0x0 ./system/src/stm32f1-stdperiph/misc.o

.ARM.extab
 *(.ARM.extab* .gnu.linkonce.armextab.*)
                0x080011dc                . = ALIGN (0x4)
                0x080011dc                __exidx_start = .

.ARM.exidx
 *(.ARM.exidx* .gnu.linkonce.armexidx.*)
                0x080011dc                __exidx_end = .
                0x080011dc                . = ALIGN (0x4)
                0x080011dc                _etext = .
                0x080011dc                __etext = .

.data_CCMRAM    0x00000000        0x0 load address 0x080011dc
 FILL mask 0xff
 *(.data.CCMRAM .data.CCMRAM.*)
                0x00000000                . = ALIGN (0x4)
                0x080011dc                _sidata = LOADADDR (.data)

.data           0x20000000       0x88 load address 0x080011dc
 FILL mask 0xff
                0x20000000                _sdata = .
                0x20000000                __data_start__ = .
 *(.data_begin .data_begin.*)
 .data_begin    0x20000000        0x4 ./system/src/newlib/_startup.o
 *(.data .data.*)
 .data.argv.4062
                0x20000004        0x8 ./system/src/newlib/_syscalls.o
 .data.AHBPrescTable
                0x2000000c       0x10 ./system/src/cmsis/system_stm32f10x.o
                0x2000000c                AHBPrescTable
 .data.SystemCoreClock
                0x2000001c        0x4 ./system/src/cmsis/system_stm32f10x.o
                0x2000001c                SystemCoreClock
 .data.impure_data
                0x20000020       0x60 /home/rata/Projects/tools/ARM Toolchain/gcc-arm-none-eabi-4_9-2015q1/bin/../lib/gcc/arm-none-eabi/4.9.3/../../../../arm-none-eabi/lib/armv7-m/libg_nano.a(lib_a-impure.o)
 .data._impure_ptr
                0x20000080        0x4 /home/rata/Projects/tools/ARM Toolchain/gcc-arm-none-eabi-4_9-2015q1/bin/../lib/gcc/arm-none-eabi/4.9.3/../../../../arm-none-eabi/lib/armv7-m/libg_nano.a(lib_a-impure.o)
                0x20000080                _impure_ptr
 *(.data_end .data_end.*)
 .data_end      0x20000084        0x4 ./system/src/newlib/_startup.o
                0x20000088                . = ALIGN (0x4)
                0x20000088                _edata = .
                0x20000088                __data_end__ = .

.igot.plt       0x20000088        0x0 load address 0x08001264
 .igot.plt      0x00000000        0x0 ./system/src/stm32f1-stdperiph/misc.o

.bss_CCMRAM     0x00000000        0x0
 *(.bss.CCMRAM .bss.CCMRAM.*)

.bss            0x20000088       0xa0
                0x20000088                __bss_start__ = .
                0x20000088                _sbss = .
 *(.bss_begin .bss_begin.*)
 .bss_begin     0x20000088        0x4 ./system/src/newlib/_startup.o
 *(.bss .bss.*)
 .bss.current_heap_end.3856
                0x2000008c        0x4 ./system/src/newlib/_sbrk.o
 .bss.name.4061
                0x20000090        0x4 ./system/src/newlib/_syscalls.o
 .bss.buf.4992  0x20000094       0x80 ./system/src/diag/Trace.o
 .bss.handle.6513
                0x20000114        0x4 ./system/src/diag/trace_impl.o
 .bss.__malloc_sbrk_start
                0x20000118        0x4 /home/rata/Projects/tools/ARM Toolchain/gcc-arm-none-eabi-4_9-2015q1/bin/../lib/gcc/arm-none-eabi/4.9.3/../../../../arm-none-eabi/lib/armv7-m/libg_nano.a(lib_a-nano-mallocr.o)
                0x20000118                __malloc_sbrk_start
 .bss.__malloc_free_list
                0x2000011c        0x4 /home/rata/Projects/tools/ARM Toolchain/gcc-arm-none-eabi-4_9-2015q1/bin/../lib/gcc/arm-none-eabi/4.9.3/../../../../arm-none-eabi/lib/armv7-m/libg_nano.a(lib_a-nano-mallocr.o)
                0x2000011c                __malloc_free_list
 *(COMMON)
 COMMON         0x20000120        0x4 ./system/src/newlib/_syscalls.o
                0x20000120                errno
 *(.bss_end .bss_end.*)
 .bss_end       0x20000124        0x4 ./system/src/newlib/_startup.o
                0x20000128                . = ALIGN (0x4)
                0x20000128                __bss_end__ = .
                0x20000128                _ebss = .

.noinit_CCMRAM
 *(.noinit.CCMRAM .noinit.CCMRAM.*)

.noinit         0x20000128        0x0
                0x20000128                _noinit = .
 *(.noinit .noinit.*)
                0x20000128                . = ALIGN (0x4)
                0x20000128                _end_noinit = .
                0x20000128                PROVIDE (end, _end_noinit)
                0x20000128                PROVIDE (_end, _end_noinit)
                0x20000128                PROVIDE (__end, _end_noinit)
                0x20000128                PROVIDE (__end__, _end_noinit)

._check_stack   0x20000128      0x100
                0x20000228                . = (. + _Minimum_Stack_Size)
 *fill*         0x20000128      0x100 

.b1text
 *(.b1text)
 *(.b1rodata)
 *(.b1rodata.*)

.eb0text
 *(.eb0text)
 *(.eb0rodata)
 *(.eb0rodata.*)

.eb1text
 *(.eb1text)
 *(.eb1rodata)
 *(.eb1rodata.*)

.eb2text
 *(.eb2text)
 *(.eb2rodata)
 *(.eb2rodata.*)

.eb3text
 *(.eb3text)
 *(.eb3rodata)
 *(.eb3rodata.*)

.stab
 *(.stab)

.stabstr
 *(.stabstr)

.stab.excl
 *(.stab.excl)

.stab.exclstr
 *(.stab.exclstr)

.stab.index
 *(.stab.index)

.stab.indexstr
 *(.stab.indexstr)

.comment        0x00000000       0x70
 *(.comment)
 .comment       0x00000000       0x70 ./system/src/newlib/_exit.o
                                 0x71 (size before relaxing)
 .comment       0x00000000       0x71 ./system/src/newlib/_sbrk.o
 .comment       0x00000000       0x71 ./system/src/newlib/_startup.o
 .comment       0x00000000       0x71 ./system/src/newlib/_syscalls.o
 .comment       0x00000000       0x71 ./system/src/diag/Trace.o
 .comment       0x00000000       0x71 ./system/src/diag/trace_impl.o
 .comment       0x00000000       0x71 ./system/src/cortexm/_initialize_hardware.o
 .comment       0x00000000       0x71 ./system/src/cortexm/exception_handlers.o
 .comment       0x00000000       0x71 ./system/src/cmsis/system_stm32f10x.o
 .comment       0x00000000       0x71 ./system/src/cmsis/vectors_stm32f10x.o
 .comment       0x00000000       0x71 ./src/ratatechSynth.o

.ARM.attributes
                0x00000000       0x31
 .ARM.attributes
                0x00000000       0x33 ./system/src/newlib/_exit.o
 .ARM.attributes
                0x00000033       0x33 ./system/src/newlib/_sbrk.o
 .ARM.attributes
                0x00000066       0x33 ./system/src/newlib/_startup.o
 .ARM.attributes
                0x00000099       0x33 ./system/src/newlib/_syscalls.o
 .ARM.attributes
                0x000000cc       0x33 ./system/src/diag/Trace.o
 .ARM.attributes
                0x000000ff       0x33 ./system/src/diag/trace_impl.o
 .ARM.attributes
                0x00000132       0x33 ./system/src/cortexm/_initialize_hardware.o
 .ARM.attributes
                0x00000165       0x33 ./system/src/cortexm/exception_handlers.o
 .ARM.attributes
                0x00000198       0x33 ./system/src/cmsis/system_stm32f10x.o
 .ARM.attributes
                0x000001cb       0x33 ./system/src/cmsis/vectors_stm32f10x.o
 .ARM.attributes
                0x000001fe       0x33 ./src/ratatechSynth.o
 .ARM.attributes
                0x00000231       0x2d /home/rata/Projects/tools/ARM Toolchain/gcc-arm-none-eabi-4_9-2015q1/bin/../lib/gcc/arm-none-eabi/4.9.3/../../../../arm-none-eabi/lib/armv7-m/libg_nano.a(lib_a-errno.o)
 .ARM.attributes
                0x0000025e       0x2d /home/rata/Projects/tools/ARM Toolchain/gcc-arm-none-eabi-4_9-2015q1/bin/../lib/gcc/arm-none-eabi/4.9.3/../../../../arm-none-eabi/lib/armv7-m/libg_nano.a(lib_a-impure.o)
 .ARM.attributes
                0x0000028b       0x1b /home/rata/Projects/tools/ARM Toolchain/gcc-arm-none-eabi-4_9-2015q1/bin/../lib/gcc/arm-none-eabi/4.9.3/../../../../arm-none-eabi/lib/armv7-m/libg_nano.a(lib_a-strcmp.o)
 .ARM.attributes
                0x000002a6       0x2d /home/rata/Projects/tools/ARM Toolchain/gcc-arm-none-eabi-4_9-2015q1/bin/../lib/gcc/arm-none-eabi/4.9.3/../../../../arm-none-eabi/lib/armv7-m/libg_nano.a(lib_a-vsnprintf.o)
 .ARM.attributes
                0x000002d3       0x2d /home/rata/Projects/tools/ARM Toolchain/gcc-arm-none-eabi-4_9-2015q1/bin/../lib/gcc/arm-none-eabi/4.9.3/../../../../arm-none-eabi/lib/armv7-m/libg_nano.a(lib_a-nano-svfprintf.o)
 .ARM.attributes
                0x00000300       0x2d /home/rata/Projects/tools/ARM Toolchain/gcc-arm-none-eabi-4_9-2015q1/bin/../lib/gcc/arm-none-eabi/4.9.3/../../../../arm-none-eabi/lib/armv7-m/libg_nano.a(lib_a-nano-vfprintf_i.o)
 .ARM.attributes
                0x0000032d       0x2d /home/rata/Projects/tools/ARM Toolchain/gcc-arm-none-eabi-4_9-2015q1/bin/../lib/gcc/arm-none-eabi/4.9.3/../../../../arm-none-eabi/lib/armv7-m/libg_nano.a(lib_a-memchr.o)
 .ARM.attributes
                0x0000035a       0x2d /home/rata/Projects/tools/ARM Toolchain/gcc-arm-none-eabi-4_9-2015q1/bin/../lib/gcc/arm-none-eabi/4.9.3/../../../../arm-none-eabi/lib/armv7-m/libg_nano.a(lib_a-memcpy.o)
 .ARM.attributes
                0x00000387       0x2d /home/rata/Projects/tools/ARM Toolchain/gcc-arm-none-eabi-4_9-2015q1/bin/../lib/gcc/arm-none-eabi/4.9.3/../../../../arm-none-eabi/lib/armv7-m/libg_nano.a(lib_a-memmove.o)
 .ARM.attributes
                0x000003b4       0x2d /home/rata/Projects/tools/ARM Toolchain/gcc-arm-none-eabi-4_9-2015q1/bin/../lib/gcc/arm-none-eabi/4.9.3/../../../../arm-none-eabi/lib/armv7-m/libg_nano.a(lib_a-nano-freer.o)
 .ARM.attributes
                0x000003e1       0x2d /home/rata/Projects/tools/ARM Toolchain/gcc-arm-none-eabi-4_9-2015q1/bin/../lib/gcc/arm-none-eabi/4.9.3/../../../../arm-none-eabi/lib/armv7-m/libg_nano.a(lib_a-nano-mallocr.o)
 .ARM.attributes
                0x0000040e       0x2d /home/rata/Projects/tools/ARM Toolchain/gcc-arm-none-eabi-4_9-2015q1/bin/../lib/gcc/arm-none-eabi/4.9.3/../../../../arm-none-eabi/lib/armv7-m/libg_nano.a(lib_a-nano-reallocr.o)
 .ARM.attributes
                0x0000043b       0x2d /home/rata/Projects/tools/ARM Toolchain/gcc-arm-none-eabi-4_9-2015q1/bin/../lib/gcc/arm-none-eabi/4.9.3/../../../../arm-none-eabi/lib/armv7-m/libg_nano.a(lib_a-sbrkr.o)
 .ARM.attributes
                0x00000468       0x2d /home/rata/Projects/tools/ARM Toolchain/gcc-arm-none-eabi-4_9-2015q1/bin/../lib/gcc/arm-none-eabi/4.9.3/../../../../arm-none-eabi/lib/armv7-m/libg_nano.a(lib_a-nano-msizer.o)

.debug
 *(.debug)

.line
 *(.line)

.debug_srcinfo
 *(.debug_srcinfo)

.debug_sfnames
 *(.debug_sfnames)

.debug_aranges  0x00000000      0x250
 *(.debug_aranges)
 .debug_aranges
                0x00000000       0x28 ./system/src/newlib/_exit.o
 .debug_aranges
                0x00000028       0x20 ./system/src/newlib/_sbrk.o
 .debug_aranges
                0x00000048       0x40 ./system/src/newlib/_startup.o
 .debug_aranges
                0x00000088       0x30 ./system/src/newlib/_syscalls.o
 .debug_aranges
                0x000000b8       0x38 ./system/src/diag/Trace.o
 .debug_aranges
                0x000000f0       0x30 ./system/src/diag/trace_impl.o
 .debug_aranges
                0x00000120       0x28 ./system/src/cortexm/_initialize_hardware.o
 .debug_aranges
                0x00000148       0x90 ./system/src/cortexm/exception_handlers.o
 .debug_aranges
                0x000001d8       0x38 ./system/src/cmsis/system_stm32f10x.o
 .debug_aranges
                0x00000210       0x20 ./system/src/cmsis/vectors_stm32f10x.o
 .debug_aranges
                0x00000230       0x20 ./src/ratatechSynth.o

.debug_pubnames
 *(.debug_pubnames)

.debug_info     0x00000000     0x201a
 *(.debug_info .gnu.linkonce.wi.*)
 .debug_info    0x00000000      0x100 ./system/src/newlib/_exit.o
 .debug_info    0x00000100      0x125 ./system/src/newlib/_sbrk.o
 .debug_info    0x00000225      0x474 ./system/src/newlib/_startup.o
 .debug_info    0x00000699      0x1a9 ./system/src/newlib/_syscalls.o
 .debug_info    0x00000842      0x32b ./system/src/diag/Trace.o
 .debug_info    0x00000b6d      0x2ef ./system/src/diag/trace_impl.o
 .debug_info    0x00000e5c      0x294 ./system/src/cortexm/_initialize_hardware.o
 .debug_info    0x000010f0      0x91b ./system/src/cortexm/exception_handlers.o
 .debug_info    0x00001a0b      0x474 ./system/src/cmsis/system_stm32f10x.o
 .debug_info    0x00001e7f       0xd1 ./system/src/cmsis/vectors_stm32f10x.o
 .debug_info    0x00001f50       0xca ./src/ratatechSynth.o

.debug_abbrev   0x00000000      0xce3
 *(.debug_abbrev)
 .debug_abbrev  0x00000000       0xa4 ./system/src/newlib/_exit.o
 .debug_abbrev  0x000000a4       0xbb ./system/src/newlib/_sbrk.o
 .debug_abbrev  0x0000015f      0x1e9 ./system/src/newlib/_startup.o
 .debug_abbrev  0x00000348       0xe7 ./system/src/newlib/_syscalls.o
 .debug_abbrev  0x0000042f      0x178 ./system/src/diag/Trace.o
 .debug_abbrev  0x000005a7      0x1a7 ./system/src/diag/trace_impl.o
 .debug_abbrev  0x0000074e       0xea ./system/src/cortexm/_initialize_hardware.o
 .debug_abbrev  0x00000838      0x251 ./system/src/cortexm/exception_handlers.o
 .debug_abbrev  0x00000a89      0x157 ./system/src/cmsis/system_stm32f10x.o
 .debug_abbrev  0x00000be0       0x9d ./system/src/cmsis/vectors_stm32f10x.o
 .debug_abbrev  0x00000c7d       0x66 ./src/ratatechSynth.o

.debug_line     0x00000000     0x276d
 *(.debug_line)
 .debug_line    0x00000000      0x2f1 ./system/src/newlib/_exit.o
 .debug_line    0x000002f1      0x294 ./system/src/newlib/_sbrk.o
 .debug_line    0x00000585      0x352 ./system/src/newlib/_startup.o
 .debug_line    0x000008d7      0x3ae ./system/src/newlib/_syscalls.o
 .debug_line    0x00000c85      0x34c ./system/src/diag/Trace.o
 .debug_line    0x00000fd1      0x5bb ./system/src/diag/trace_impl.o
 .debug_line    0x0000158c      0x370 ./system/src/cortexm/_initialize_hardware.o
 .debug_line    0x000018fc      0x690 ./system/src/cortexm/exception_handlers.o
 .debug_line    0x00001f8c      0x3d0 ./system/src/cmsis/system_stm32f10x.o
 .debug_line    0x0000235c      0x114 ./system/src/cmsis/vectors_stm32f10x.o
 .debug_line    0x00002470      0x2fd ./src/ratatechSynth.o

.debug_frame    0x00000000      0x714
 *(.debug_frame)
 .debug_frame   0x00000000       0x38 ./system/src/newlib/_exit.o
 .debug_frame   0x00000038       0x28 ./system/src/newlib/_sbrk.o
 .debug_frame   0x00000060       0x7c ./system/src/newlib/_startup.o
 .debug_frame   0x000000dc       0x50 ./system/src/newlib/_syscalls.o
 .debug_frame   0x0000012c       0x94 ./system/src/diag/Trace.o
 .debug_frame   0x000001c0       0x5c ./system/src/diag/trace_impl.o
 .debug_frame   0x0000021c       0x40 ./system/src/cortexm/_initialize_hardware.o
 .debug_frame   0x0000025c      0x164 ./system/src/cortexm/exception_handlers.o
 .debug_frame   0x000003c0       0x68 ./system/src/cmsis/system_stm32f10x.o
 .debug_frame   0x00000428       0x20 ./system/src/cmsis/vectors_stm32f10x.o
 .debug_frame   0x00000448       0x20 ./src/ratatechSynth.o
 .debug_frame   0x00000468       0x20 /home/rata/Projects/tools/ARM Toolchain/gcc-arm-none-eabi-4_9-2015q1/bin/../lib/gcc/arm-none-eabi/4.9.3/../../../../arm-none-eabi/lib/armv7-m/libg_nano.a(lib_a-errno.o)
 .debug_frame   0x00000488       0x50 /home/rata/Projects/tools/ARM Toolchain/gcc-arm-none-eabi-4_9-2015q1/bin/../lib/gcc/arm-none-eabi/4.9.3/../../../../arm-none-eabi/lib/armv7-m/libg_nano.a(lib_a-vsnprintf.o)
 .debug_frame   0x000004d8       0x8c /home/rata/Projects/tools/ARM Toolchain/gcc-arm-none-eabi-4_9-2015q1/bin/../lib/gcc/arm-none-eabi/4.9.3/../../../../arm-none-eabi/lib/armv7-m/libg_nano.a(lib_a-nano-svfprintf.o)
 .debug_frame   0x00000564       0x58 /home/rata/Projects/tools/ARM Toolchain/gcc-arm-none-eabi-4_9-2015q1/bin/../lib/gcc/arm-none-eabi/4.9.3/../../../../arm-none-eabi/lib/armv7-m/libg_nano.a(lib_a-nano-vfprintf_i.o)
 .debug_frame   0x000005bc       0x28 /home/rata/Projects/tools/ARM Toolchain/gcc-arm-none-eabi-4_9-2015q1/bin/../lib/gcc/arm-none-eabi/4.9.3/../../../../arm-none-eabi/lib/armv7-m/libg_nano.a(lib_a-memchr.o)
 .debug_frame   0x000005e4       0x28 /home/rata/Projects/tools/ARM Toolchain/gcc-arm-none-eabi-4_9-2015q1/bin/../lib/gcc/arm-none-eabi/4.9.3/../../../../arm-none-eabi/lib/armv7-m/libg_nano.a(lib_a-memcpy.o)
 .debug_frame   0x0000060c       0x28 /home/rata/Projects/tools/ARM Toolchain/gcc-arm-none-eabi-4_9-2015q1/bin/../lib/gcc/arm-none-eabi/4.9.3/../../../../arm-none-eabi/lib/armv7-m/libg_nano.a(lib_a-memmove.o)
 .debug_frame   0x00000634       0x2c /home/rata/Projects/tools/ARM Toolchain/gcc-arm-none-eabi-4_9-2015q1/bin/../lib/gcc/arm-none-eabi/4.9.3/../../../../arm-none-eabi/lib/armv7-m/libg_nano.a(lib_a-nano-freer.o)
 .debug_frame   0x00000660       0x2c /home/rata/Projects/tools/ARM Toolchain/gcc-arm-none-eabi-4_9-2015q1/bin/../lib/gcc/arm-none-eabi/4.9.3/../../../../arm-none-eabi/lib/armv7-m/libg_nano.a(lib_a-nano-mallocr.o)
 .debug_frame   0x0000068c       0x3c /home/rata/Projects/tools/ARM Toolchain/gcc-arm-none-eabi-4_9-2015q1/bin/../lib/gcc/arm-none-eabi/4.9.3/../../../../arm-none-eabi/lib/armv7-m/libg_nano.a(lib_a-nano-reallocr.o)
 .debug_frame   0x000006c8       0x2c /home/rata/Projects/tools/ARM Toolchain/gcc-arm-none-eabi-4_9-2015q1/bin/../lib/gcc/arm-none-eabi/4.9.3/../../../../arm-none-eabi/lib/armv7-m/libg_nano.a(lib_a-sbrkr.o)
 .debug_frame   0x000006f4       0x20 /home/rata/Projects/tools/ARM Toolchain/gcc-arm-none-eabi-4_9-2015q1/bin/../lib/gcc/arm-none-eabi/4.9.3/../../../../arm-none-eabi/lib/armv7-m/libg_nano.a(lib_a-nano-msizer.o)

.debug_str      0x00000000    0x53f2b
 *(.debug_str)
 .debug_str     0x00000000     0x5cd3 ./system/src/newlib/_exit.o
                               0x5dee (size before relaxing)
 .debug_str     0x00005cd3      0x4de ./system/src/newlib/_sbrk.o
                               0x4560 (size before relaxing)
 .debug_str     0x000061b1      0xbc3 ./system/src/newlib/_startup.o
                               0x4136 (size before relaxing)
 .debug_str     0x00006d74      0xc2d ./system/src/newlib/_syscalls.o
                               0x6013 (size before relaxing)
 .debug_str     0x000079a1      0x9b9 ./system/src/diag/Trace.o
                               0x66ff (size before relaxing)
 .debug_str     0x0000835a    0x4b23f ./system/src/diag/trace_impl.o
                              0x50d5a (size before relaxing)
 .debug_str     0x00053599       0xc4 ./system/src/cortexm/_initialize_hardware.o
                              0x4dfba (size before relaxing)
 .debug_str     0x0005365d      0x1e5 ./system/src/cortexm/exception_handlers.o
                              0x51b46 (size before relaxing)
 .debug_str     0x00053842      0x124 ./system/src/cmsis/system_stm32f10x.o
                              0x4e064 (size before relaxing)
 .debug_str     0x00053966       0x57 ./system/src/cmsis/vectors_stm32f10x.o
                               0x3054 (size before relaxing)
 .debug_str     0x000539bd      0x56e ./src/ratatechSynth.o
                               0x68bc (size before relaxing)

.debug_loc      0x00000000      0xa51
 *(.debug_loc)
 .debug_loc     0x00000000       0x82 ./system/src/newlib/_sbrk.o
 .debug_loc     0x00000082      0x265 ./system/src/newlib/_startup.o
 .debug_loc     0x000002e7       0x63 ./system/src/newlib/_syscalls.o
 .debug_loc     0x0000034a       0xf7 ./system/src/diag/Trace.o
 .debug_loc     0x00000441      0x18f ./system/src/diag/trace_impl.o
 .debug_loc     0x000005d0      0x39d ./system/src/cortexm/exception_handlers.o
 .debug_loc     0x0000096d       0xe4 ./system/src/cmsis/system_stm32f10x.o

.debug_macinfo
 *(.debug_macinfo)

.debug_weaknames
 *(.debug_weaknames)

.debug_funcnames
 *(.debug_funcnames)

.debug_typenames
 *(.debug_typenames)

.debug_varnames
 *(.debug_varnames)
OUTPUT(RatatechSynth.elf elf32-littlearm)

.debug_ranges   0x00000000      0x1d0
 .debug_ranges  0x00000000       0x18 ./system/src/newlib/_exit.o
 .debug_ranges  0x00000018       0x10 ./system/src/newlib/_sbrk.o
 .debug_ranges  0x00000028       0x48 ./system/src/newlib/_startup.o
 .debug_ranges  0x00000070       0x20 ./system/src/newlib/_syscalls.o
 .debug_ranges  0x00000090       0x28 ./system/src/diag/Trace.o
 .debug_ranges  0x000000b8       0x20 ./system/src/diag/trace_impl.o
 .debug_ranges  0x000000d8       0x18 ./system/src/cortexm/_initialize_hardware.o
 .debug_ranges  0x000000f0       0x98 ./system/src/cortexm/exception_handlers.o
 .debug_ranges  0x00000188       0x28 ./system/src/cmsis/system_stm32f10x.o
 .debug_ranges  0x000001b0       0x10 ./system/src/cmsis/vectors_stm32f10x.o
 .debug_ranges  0x000001c0       0x10 ./src/ratatechSynth.o

.debug_macro    0x00000000     0x2331
 .debug_macro   0x00000000      0x128 ./system/src/newlib/_exit.o
 .debug_macro   0x00000128       0x9c ./system/src/newlib/_exit.o
 .debug_macro   0x000001c4      0x10e ./system/src/newlib/_exit.o
 .debug_macro   0x000002d2       0x86 ./system/src/newlib/_exit.o
 .debug_macro   0x00000358       0x43 ./system/src/newlib/_exit.o
 .debug_macro   0x0000039b      0x27a ./system/src/newlib/_exit.o
 .debug_macro   0x00000615       0x35 ./system/src/newlib/_exit.o
 .debug_macro   0x0000064a       0xd1 ./system/src/newlib/_sbrk.o
 .debug_macro   0x0000071b       0x19 ./system/src/newlib/_sbrk.o
 .debug_macro   0x00000734      0x16d ./system/src/newlib/_sbrk.o
 .debug_macro   0x000008a1       0x10 ./system/src/newlib/_sbrk.o
 .debug_macro   0x000008b1      0x23b ./system/src/newlib/_sbrk.o
 .debug_macro   0x00000aec       0xdb ./system/src/newlib/_startup.o
 .debug_macro   0x00000bc7      0x17c ./system/src/newlib/_syscalls.o
 .debug_macro   0x00000d43       0x1c ./system/src/newlib/_syscalls.o
 .debug_macro   0x00000d5f       0x10 ./system/src/newlib/_syscalls.o
 .debug_macro   0x00000d6f       0x10 ./system/src/newlib/_syscalls.o
 .debug_macro   0x00000d7f       0x10 ./system/src/newlib/_syscalls.o
 .debug_macro   0x00000d8f       0x35 ./system/src/newlib/_syscalls.o
 .debug_macro   0x00000dc4      0x121 ./system/src/newlib/_syscalls.o
 .debug_macro   0x00000ee5       0x22 ./system/src/newlib/_syscalls.o
 .debug_macro   0x00000f07       0x2b ./system/src/newlib/_syscalls.o
 .debug_macro   0x00000f32      0x118 ./system/src/newlib/_syscalls.o
 .debug_macro   0x0000104a      0x13e ./system/src/newlib/_syscalls.o
 .debug_macro   0x00001188       0x16 ./system/src/newlib/_syscalls.o
 .debug_macro   0x0000119e      0x14f ./system/src/diag/Trace.o
 .debug_macro   0x000012ed       0x16 ./system/src/diag/Trace.o
 .debug_macro   0x00001303       0x97 ./system/src/diag/Trace.o
 .debug_macro   0x0000139a       0xf6 ./system/src/diag/Trace.o
 .debug_macro   0x00001490       0x10 ./system/src/diag/Trace.o
 .debug_macro   0x000014a0       0x16 ./system/src/diag/Trace.o
 .debug_macro   0x000014b6      0x196 ./system/src/diag/Trace.o
 .debug_macro   0x0000164c       0x52 ./system/src/diag/Trace.o
 .debug_macro   0x0000169e       0x16 ./system/src/diag/Trace.o
 .debug_macro   0x000016b4      0x23f ./system/src/diag/trace_impl.o
 .debug_macro   0x000018f3       0x10 ./system/src/diag/trace_impl.o
 .debug_macro   0x00001903       0xc8 ./system/src/diag/trace_impl.o
 .debug_macro   0x000019cb       0xbe ./system/src/diag/trace_impl.o
 .debug_macro   0x00001a89       0x22 ./system/src/diag/trace_impl.o
 .debug_macro   0x00001aab      0x15c ./system/src/cortexm/_initialize_hardware.o
 .debug_macro   0x00001c07      0x296 ./system/src/cortexm/exception_handlers.o
 .debug_macro   0x00001e9d       0x10 ./system/src/cortexm/exception_handlers.o
 .debug_macro   0x00001ead      0x15f ./system/src/cmsis/system_stm32f10x.o
 .debug_macro   0x0000200c       0x34 ./system/src/cmsis/vectors_stm32f10x.o
 .debug_macro   0x00002040      0x15d ./src/ratatechSynth.o
 .debug_macro   0x0000219d       0x97 ./src/ratatechSynth.o
 .debug_macro   0x00002234       0xfd ./src/ratatechSynth.o
